Batch script started at 2025-09-25 16:35:54
Log file: /home/reuben/code/wfcrl-benchmark/logs/batch_run_20250925_163554.log
Script parameters: seed=1, total_timesteps=2000, episode_length=100

==========================================
[START] IDQN Training
Time: 2025-09-25 16:35:54
==========================================
==========================================
[END] IDQN Training
Time: 2025-09-25 16:36:20
Duration: 0h 0m 26s
==========================================
==========================================
[START] IDQN Evaluation on FAST.Farm
Time: 2025-09-25 16:36:20
==========================================
==========================================
[END] IDQN Evaluation on FAST.Farm
Time: 2025-09-25 16:36:25
Duration: 0h 0m 5s
==========================================
==========================================
[START] IDRQN Training
Time: 2025-09-25 16:36:25
==========================================
