Batch script started at 2025-09-25 16:36:36
Log file: /home/reuben/code/wfcrl-benchmark/logs/batch_run_20250925_163636.log
Script parameters: seed=1, total_timesteps=2000, episode_length=100

==========================================
[START] IDQN Training
Time: 2025-09-25 16:36:36
==========================================
==========================================
[END] IDQN Training
Time: 2025-09-25 16:37:01
Duration: 0h 0m 25s
==========================================
==========================================
[START] IDQN Evaluation on FAST.Farm
Time: 2025-09-25 16:37:01
==========================================
==========================================
[END] IDQN Evaluation on FAST.Farm
Time: 2025-09-25 16:38:40
Duration: 0h 1m 39s
==========================================
==========================================
[START] IDRQN Training
Time: 2025-09-25 16:38:40
==========================================
